Job started on c9.hamilton.cs.mtsu.edu at Fri Apr 10 14:49:08 CDT 2026
CUDA_VISIBLE_DEVICES: 0
Fri Apr 10 14:49:08 2026       
+-----------------------------------------------------------------------------------------+
| NVIDIA-SMI 550.54.15              Driver Version: 550.54.15      CUDA Version: 12.4     |
|-----------------------------------------+------------------------+----------------------+
| GPU  Name                 Persistence-M | Bus-Id          Disp.A | Volatile Uncorr. ECC |
| Fan  Temp   Perf          Pwr:Usage/Cap |           Memory-Usage | GPU-Util  Compute M. |
|                                         |                        |               MIG M. |
|=========================================+========================+======================|
|   0  NVIDIA A100 80GB PCIe          On  |   00000000:0B:00.0 Off |                    0 |
| N/A   29C    P0             42W /  300W |       0MiB /  81920MiB |      0%      Default |
|                                         |                        |             Disabled |
+-----------------------------------------+------------------------+----------------------+
                                                                                         
+-----------------------------------------------------------------------------------------+
| Processes:                                                                              |
|  GPU   GI   CI        PID   Type   Process name                              GPU Memory |
|        ID   ID                                                               Usage      |
|=========================================================================================|
|  No running processes found                                                             |
+-----------------------------------------------------------------------------------------+
Python: /projects/kp9e/Irrigation-Laser-Yolo2/venv/bin/python
CUDA available: True
Device count: 1
Running tr_merged.py...
Working directory: /projects/kp9e/Irrigation-Laser-Yolo2
Python: /projects/kp9e/Irrigation-Laser-Yolo2/venv/bin/python
train.py exists: True
Training on: data/training-data/downloaded/soil-moisture-ir-combined/data.yaml
[34m[1mgithub: [0mskipping check (not a git repository), for updates see https://github.com/ultralytics/yolov5
Return code: 0
Training on: data/training-data/downloaded/soil-moisture-v4-september-combined/data.yaml
[34m[1mgithub: [0mskipping check (not a git repository), for updates see https://github.com/ultralytics/yolov5
Return code: 0
Job finished at Fri Apr 10 15:04:35 CDT 2026
